// Jest Snapshot v1, https://goo.gl/fbAQLP

exports[`card component should be rendered 1`] = `
<DocumentFragment>
  <div
    class="card-0-2-1"
  />
</DocumentFragment>
`;
